[writter.electronthemes-ghost.com/index.html]
[backblue.gif]
[fade.gif]
[index.html]
[unpkg.com/@tryghost/portal@_1.1.0/umd/portal.min.1.delayed]
[writter.electronthemes-ghost.com/assets/css/theme77fc.css]
[unpkg.com/@tryghost/portal@1.1.1/umd/portal.min.js]
[writter.electronthemes-ghost.com/page/2/index.html]
[writter.electronthemes-ghost.com/rss/index.html]
[writter.electronthemes-ghost.com/authors/index.html]
[writter.electronthemes-ghost.com/content/images/2018/09/photo-1500989145603-8e7ef71d639e-1.jpg]
[writter.electronthemes-ghost.com/tags/index.html]
[writter.electronthemes-ghost.com/typography/index.html]
[writter.electronthemes-ghost.com/gallery/index.html]
[writter.electronthemes-ghost.com/themes/index.html]
[writter.electronthemes-ghost.com/ohlen-member-new-passion-4/index.html]
[writter.electronthemes-ghost.com/portfolios/index.html]
[writter.electronthemes-ghost.com/content/images/2018/09/08-1060x707.jpg]
[writter.electronthemes-ghost.com/contact/index.html]
[writter.electronthemes-ghost.com/signin/index.html]
[writter.electronthemes-ghost.com/404/index.html]
[writter.electronthemes-ghost.com/membership/index.html]
[writter.electronthemes-ghost.com/content/images/2018/09/3.jpg]
[writter.electronthemes-ghost.com/how-to-write-kickass-articles/index.html]
[writter.electronthemes-ghost.com/beautiful-day-with-friends-in-paris/index.html]
[static.ghost.org/v2.0.0/images/writing-posts-with-ghost.jpg]
[writter.electronthemes-ghost.com/tag/getting-started/index.html]
[static.ghost.org/v2.0.0/images/app-integrations.jpg]
[writter.electronthemes-ghost.com/the-editor-2/index.html]
[static.ghost.org/v4.0.0/images/publishing-options.png]
[writter.electronthemes-ghost.com/apps-integrations-2/index.html]
[writter.electronthemes-ghost.com/welcome/index.html]
[static.ghost.org/v4.0.0/images/writing-posts-with-ghost.png]
[writter.electronthemes-ghost.com/design/index.html]
[writter.electronthemes-ghost.com/author/ghost/index.html]
[writter.electronthemes-ghost.com/write/index.html]
[static.ghost.org/v4.0.0/images/creating-a-custom-theme.png]
[writter.electronthemes-ghost.com/portal/index.html]
[static.ghost.org/v4.0.0/images/organizing-your-content.png]
[writter.electronthemes-ghost.com/sell/index.html]
[writter.electronthemes-ghost.com/index.html]
[writter.electronthemes-ghost.com/assets/js/scripts77fc.js]
[writter.electronthemes-ghost.com/signup/indexef68.html]
[writter.electronthemes-ghost.com/assets/css/owl.video.play.png/index.html]
[writter.electronthemes-ghost.com/assets/fonts/ElegantIcons.eot]
[writter.electronthemes-ghost.com/assets/fonts/ElegantIconsd41d.eot]
[writter.electronthemes-ghost.com/assets/fonts/ElegantIcons.woff]
[writter.electronthemes-ghost.com/assets/fonts/ElegantIcons.ttf]
[writter.electronthemes-ghost.com/assets/fonts/ElegantIcons.svg]
[writter.electronthemes-ghost.com/assets/fonts/lemonMilk/LemonMilk.eot]
[writter.electronthemes-ghost.com/assets/fonts/lemonMilk/LemonMilkd41d.eot]
[writter.electronthemes-ghost.com/assets/fonts/lemonMilk/LemonMilk.woff2]
[writter.electronthemes-ghost.com/assets/fonts/lemonMilk/LemonMilk.woff]
[writter.electronthemes-ghost.com/assets/fonts/lemonMilk/LemonMilk.ttf]
[writter.electronthemes-ghost.com/assets/fonts/lemonMilk/LemonMilk.svg]
[writter.electronthemes-ghost.com/assets/img/circle-gray.png]
[writter.electronthemes-ghost.com/assets/img/circle.png]
[writter.electronthemes-ghost.com/assets/img/check-square.svg]
[writter.electronthemes-ghost.com/assets/img/x.svg]
[writter.electronthemes-ghost.com/assets/css/theme77fc.css]
[writter.electronthemes-ghost.com/page/3/index.html]
[static.ghost.org/v4.0.0/images/app-integrations.png]
[writter.electronthemes-ghost.com/grow/index.html]
[writter.electronthemes-ghost.com/integrations/index.html]
[writter.electronthemes-ghost.com/the-editor/index.html]
[static.ghost.org/v2.0.0/images/publishing-options.jpg]
[writter.electronthemes-ghost.com/author/enamul/index.html]
[writter.electronthemes-ghost.com/publishing-options/index.html]
[writter.electronthemes-ghost.com/admin-settings/index.html]
[static.ghost.org/v2.0.0/images/admin-settings.jpg]
[writter.electronthemes-ghost.com/page/2/index.html]
[writter.electronthemes-ghost.com/content/images/2018/09/portfolio-1.jpg]
[writter.electronthemes-ghost.com/content/images/2018/09/creative.jpg]
[writter.electronthemes-ghost.com/content/images/2018/09/branding.jpg]
[writter.electronthemes-ghost.com/tag/portfolio/index.html]
[writter.electronthemes-ghost.com/content/images/2018/09/design.jpg]
[writter.electronthemes-ghost.com/tag/creative/index.html]
[writter.electronthemes-ghost.com/tag/branding/index.html]
[writter.electronthemes-ghost.com/content/images/2018/09/typography.jpg]
[writter.electronthemes-ghost.com/tag/design/index.html]
[writter.electronthemes-ghost.com/tags/index.html]
[writter.electronthemes-ghost.com/assets/js/single77fc.js]
[writter.electronthemes-ghost.com/tag/typography/index.html]
[static.ghost.org/v4.0.0/images/ghost-user.png]
[writter.electronthemes-ghost.com/authors/index.html]
[writter.electronthemes-ghost.com/author/king/index.html]
[writter.electronthemes-ghost.com/content/images/size/w2000/2018/09/typo.jpg]
[writter.electronthemes-ghost.com/typography/amp/index.html]
[writter.electronthemes-ghost.com/content/images/2018/09/photo-1521452967839-27ce29d2820d.jpg]
[writter.electronthemes-ghost.com/content/images/2018/09/typo-1.jpg]
[writter.electronthemes-ghost.com/content/images/2018/09/1920x650.jpg]
[writter.electronthemes-ghost.com/content/images/size/w300/2018/09/photo-1491227289289-742c2e7289a7-1.jpg]
[writter.electronthemes-ghost.com/elegant-simple-minimalist-blog-made-with-love/index.html]
[writter.electronthemes-ghost.com/content/images/size/w300/2018/09/text-selv-thumb-1920x1280.jpg]
[writter.electronthemes-ghost.com/typography/index.html]
[writter.electronthemes-ghost.com/selvsikker/index.html]
[writter.electronthemes-ghost.com/content/images/2018/09/gallery.jpg]
[writter.electronthemes-ghost.com/content/images/2018/09/h1-port-f-img-4-1.jpg]
[writter.electronthemes-ghost.com/content/images/2018/09/h1-port-f-img-12-1.jpg]
[writter.electronthemes-ghost.com/content/images/2018/09/h2-port-5-img-1-1.jpg]
[writter.electronthemes-ghost.com/content/images/2018/09/h3-port-4-img-1-1.jpg]
[writter.electronthemes-ghost.com/content/images/2018/09/port-featured-img-1-1.jpg]
[writter.electronthemes-ghost.com/content/images/2018/09/side-juice-thumb-853x853-1.jpg]
[writter.electronthemes-ghost.com/content/images/2018/09/small-lists-port12-img-1-1.jpg]
[writter.electronthemes-ghost.com/content/images/2018/09/image-5.png]
[writter.electronthemes-ghost.com/content/images/2018/09/1.jpg]
[writter.electronthemes-ghost.com/content/images/2018/09/2-1.jpg]
[writter.electronthemes-ghost.com/content/images/2018/09/3-1.jpg]
[writter.electronthemes-ghost.com/content/images/2018/09/photo-1485770958101-9dd7e4ea6d93.jpg]
[writter.electronthemes-ghost.com/content/images/2018/09/photo-1493059530036-6daa3ff094e4.jpg]
[writter.electronthemes-ghost.com/content/images/2018/09/photo-1494251268800-9ca078482168.jpg]
[writter.electronthemes-ghost.com/gallery/index.html]
[static.ghost.org/v2.0.0/images/creating-a-custom-theme.jpg]
[writter.electronthemes-ghost.com/themes/amp/index.html]
[static.ghost.org/v1.0.0/images/marketplace.jpg]
[writter.electronthemes-ghost.com/content/images/size/w300/2018/09/blog-img5.jpg]
[writter.electronthemes-ghost.com/themes/index.html]
[writter.electronthemes-ghost.com/memories-last-forever/index.html]
[writter.electronthemes-ghost.com/apps-integrations/index.html]
[writter.electronthemes-ghost.com/content/images/2018/09/bon-thumb.gif]
[writter.electronthemes-ghost.com/ohlen-member-new-passion-4/amp/index.html]
[writter.electronthemes-ghost.com/content/images/size/w300/2018/09/h1-port-f-img-12.jpg]
[writter.electronthemes-ghost.com/signup/index.html]
[writter.electronthemes-ghost.com/content/images/size/w300/2018/09/h3-port-4-img-1.jpg]
[writter.electronthemes-ghost.com/ohlen-member-new-passion-4/index.html]
[writter.electronthemes-ghost.com/ohlen-member-new-passion-3/index.html]
[writter.electronthemes-ghost.com/workplaces/index.html]
[writter.electronthemes-ghost.com/content/images/2018/09/portfolio-2.jpg]
[writter.electronthemes-ghost.com/portfolios/index.html]
[static.ghost.org/v4.0.0/images/integrations.png]
[writter.electronthemes-ghost.com/contact/index.html]
[writter.electronthemes-ghost.com/404/index.html]
[writter.electronthemes-ghost.com/signin/index.html]
[writter.electronthemes-ghost.com/membership/index.html]
[writter.electronthemes-ghost.com/content/images/size/w2000/2018/09/08-1060x707.jpg]
[writter.electronthemes-ghost.com/how-to-write-kickass-articles/amp/index.html]
[writter.electronthemes-ghost.com/content/images/2018/09/image-4.png]
[writter.electronthemes-ghost.com/content/images/size/w300/2018/09/06-1060x707.jpg]
[writter.electronthemes-ghost.com/how-to-write-kickass-articles/index.html]
[writter.electronthemes-ghost.com/content/images/size/w2000/2018/09/3.jpg]
[writter.electronthemes-ghost.com/cozy-saturday-afternoon-ritual/index.html]
[writter.electronthemes-ghost.com/beautiful-day-with-friends-in-paris/amp/index.html]
[writter.electronthemes-ghost.com/content/images/2018/09/blog-3.jpg]
[writter.electronthemes-ghost.com/content/images/size/w300/2018/09/photo-1526749837599-b4eba9fd855e.jpg]
[writter.electronthemes-ghost.com/beautiful-day-with-friends-in-paris/index.html]
[writter.electronthemes-ghost.com/nature-valley-with-cooling-environment/index.html]
[writter.electronthemes-ghost.com/tag/getting-started/page/2/index.html]
[static.ghost.org/v4.0.0/images/welcome-to-ghost.png]
[writter.electronthemes-ghost.com/tag/getting-started/index.html]
[writter.electronthemes-ghost.com/the-editor-2/amp/index.html]
[static.ghost.org/v2.0.0/images/formatting-editor-demo.gif]
[static.ghost.org/v2.0.0/images/using-images-demo.gif]
[writter.electronthemes-ghost.com/publishing-options-2/index.html]
[writter.electronthemes-ghost.com/content/images/size/w300/2018/09/3.jpg]
[writter.electronthemes-ghost.com/the-editor-2/index.html]
[writter.electronthemes-ghost.com/apps-integrations-2/amp/index.html]
[zapier.com/apps/embed/widget44b4.js]
[writter.electronthemes-ghost.com/themes-2/index.html]
[writter.electronthemes-ghost.com/organising-content-2/index.html]
[static.ghost.org/v2.0.0/images/organising-your-content.jpg]
[writter.electronthemes-ghost.com/apps-integrations-2/index.html]
[writter.electronthemes-ghost.com/welcome/index.html]
[writter.electronthemes-ghost.com/author/ghost/index.html]
[writter.electronthemes-ghost.com/welcome/amp/index.html]
[writter.electronthemes-ghost.com/author/ghost/page/2/index.html]
[static.ghost.org/v4.0.0/images/brandsettings.png]
[writter.electronthemes-ghost.com/design/amp/index.html]
[static.ghost.org/v4.0.0/images/themesettings.png]
[writter.electronthemes-ghost.com/design/index.html]
[writter.electronthemes-ghost.com/write/amp/index.html]
[static.ghost.org/v4.0.0/images/editor.png]
[opensubscriptionplatforms.com/images/favicon.png]
[opensubscriptionplatforms.com/images/osp-card.png]
[static.ghost.org/v4.0.0/images/andreas-selter-xSMqGH7gi6o-unsplash.jpg]
[static.ghost.org/v4.0.0/images/andreas-selter-e4yK8QQlZa0-unsplash.jpg]
[static.ghost.org/v4.0.0/images/steve-carter-Ixp4YhCKZkI-unsplash.jpg]
[static.ghost.org/v4.0.0/images/lukasz-szmigiel-jFCViYFYcus-unsplash.jpg]
[static.ghost.org/v4.0.0/images/jd-mason-hPiEFq6-Eto-unsplash.jpg]
[static.ghost.org/v4.0.0/images/jp-valery-OBpOP9GVH9U-unsplash.jpg]
[static.ghost.org/v4.0.0/images/createsnippet.png]
[static.ghost.org/v4.0.0/images/preview.png]
[writter.electronthemes-ghost.com/write/index.html]
[static.ghost.org/v4.0.0/images/portalsettings.png]
[writter.electronthemes-ghost.com/portal/index.html]
[writter.electronthemes-ghost.com/portal/amp/index.html]
[static.ghost.org/v4.0.0/images/thebrowser.jpg]
[writter.electronthemes-ghost.com/sell/amp/index.html]
[static.ghost.org/v4.0.0/images/admin-settings.png]
[writter.electronthemes-ghost.com/sell/index.html]
[writter.electronthemes-ghost.com/signup/indexef68.html]
[writter.electronthemes-ghost.com/assets/css/owl.video.play.png/index.html]
[writter.electronthemes-ghost.com/assets/fonts/ElegantIcons.svg]
[writter.electronthemes-ghost.com/assets/fonts/lemonMilk/LemonMilk.svg]
[writter.electronthemes-ghost.com/assets/img/check-square.svg]
[writter.electronthemes-ghost.com/assets/img/x.svg]
[writter.electronthemes-ghost.com/assets/img/circle-black.svg]
[writter.electronthemes-ghost.com/content/images/size/w600/2018/09/blog-img5.jpg]
[writter.electronthemes-ghost.com/content/images/size/w600/2018/09/08-1060x707.jpg]
[writter.electronthemes-ghost.com/page/3/index.html]
[writter.electronthemes-ghost.com/grow/index.html]
[writter.electronthemes-ghost.com/page/4/index.html]
[writter.electronthemes-ghost.com/organising-content/index.html]
[static.ghost.org/v4.0.0/images/integrations-icons.png]
[writter.electronthemes-ghost.com/integrations/amp/index.html]
[zapier.com/apps/embed/widgeta9d1.js]
[static.ghost.org/v4.0.0/images/iawriter-integration.png]
[writter.electronthemes-ghost.com/integrations/index.html]
[writter.electronthemes-ghost.com/the-editor/index.html]
[writter.electronthemes-ghost.com/author/enamul/index.html]
[writter.electronthemes-ghost.com/publishing-options/index.html]
[writter.electronthemes-ghost.com/grow/amp/index.html]
[writter.electronthemes-ghost.com/the-editor/amp/index.html]
[writter.electronthemes-ghost.com/author/enamul/page/2/index.html]
[writter.electronthemes-ghost.com/publishing-options/amp/index.html]
[static.ghost.org/v1.0.0/images/private.png]
[writter.electronthemes-ghost.com/admin-settings/index.html]
[writter.electronthemes-ghost.com/admin-settings/amp/index.html]
[writter.electronthemes-ghost.com/content/images/size/w600/2018/09/Screenshot-at-Sep-19-01-09-16.png]
[writter.electronthemes-ghost.com/tag/portfolio/page/2/index.html]
[writter.electronthemes-ghost.com/content/images/size/w600/2018/09/small-lists-port12-img-1.jpg]
[writter.electronthemes-ghost.com/inovative-team-projects-and-agency-news/index.html]
[writter.electronthemes-ghost.com/news-in-agency/index.html]
[writter.electronthemes-ghost.com/content/images/size/w600/2018/09/h3-port-4-img-1.jpg]
[writter.electronthemes-ghost.com/content/images/size/w600/2018/09/h1-port-f-img-12.jpg]
[writter.electronthemes-ghost.com/tag/portfolio/index.html]
[writter.electronthemes-ghost.com/tag/creative/page/2/index.html]
[writter.electronthemes-ghost.com/content/images/size/w600/2018/09/small-lists-port13-img-1.jpg]
[writter.electronthemes-ghost.com/projects-and-news/index.html]
[writter.electronthemes-ghost.com/content/images/size/w600/2018/09/text-barrio-thumb-640x640.jpg]
[writter.electronthemes-ghost.com/tag/creative/index.html]
[writter.electronthemes-ghost.com/ohlen-member-new-passion-2/index.html]
[writter.electronthemes-ghost.com/content/images/size/w600/2018/09/port-featured-img-1.jpg]
[writter.electronthemes-ghost.com/ohlen-member-new-passion/index.html]
[writter.electronthemes-ghost.com/content/images/size/w600/2018/09/side-juice-thumb-853x853.jpg]
[writter.electronthemes-ghost.com/the-wire/index.html]
[writter.electronthemes-ghost.com/content/images/size/w600/2018/09/text-selv-thumb-1920x1280.jpg]
[writter.electronthemes-ghost.com/tag/branding/index.html]
[writter.electronthemes-ghost.com/tag/design/index.html]
[writter.electronthemes-ghost.com/content/images/size/w600/2018/09/typo.jpg]
[writter.electronthemes-ghost.com/tag/typography/index.html]
[writter.electronthemes-ghost.com/content/images/size/w2000/2019/04/keyboard.jpg]
[writter.electronthemes-ghost.com/author/king/page/2/index.html]
[writter.electronthemes-ghost.com/content/images/size/w600/2018/09/06-1060x707.jpg]
[writter.electronthemes-ghost.com/content/images/size/w600/2018/09/photo-1423798402048-1eb649bf30db-1482x635.jpg]
[writter.electronthemes-ghost.com/author/king/index.html]
[writter.electronthemes-ghost.com/best-tips-for-a-successful-magazine/index.html]
[writter.electronthemes-ghost.com/content/images/2018/09/typo.jpg]
[cdn.ampproject.org/v0.js]
[cdn.ampproject.org/v0/amp-iframe-0.1.js]
[writter.electronthemes-ghost.com/typography/amp/index.html]
[writter.electronthemes-ghost.com/content/images/size/w2000/2018/09/photo-1491227289289-742c2e7289a7-1.jpg]
[writter.electronthemes-ghost.com/elegant-simple-minimalist-blog-made-with-love/amp/index.html]
[writter.electronthemes-ghost.com/content/images/2018/09/photo-1491227289289-742c2e7289a7.jpg]
[writter.electronthemes-ghost.com/content/images/size/w300/2018/09/typo.jpg]
[writter.electronthemes-ghost.com/elegant-simple-minimalist-blog-made-with-love/index.html]
[writter.electronthemes-ghost.com/content/images/size/w2000/2018/09/text-selv-thumb-1920x1280.jpg]
[writter.electronthemes-ghost.com/selvsikker/amp/index.html]
[writter.electronthemes-ghost.com/content/images/2018/09/image.png]
[writter.electronthemes-ghost.com/content/images/2018/09/image-1.png]
[writter.electronthemes-ghost.com/content/images/2018/09/image-2.png]
[writter.electronthemes-ghost.com/content/images/2018/09/image-3.png]
[writter.electronthemes-ghost.com/content/images/size/w300/2018/09/side-juice-thumb-853x853.jpg]
[writter.electronthemes-ghost.com/selvsikker/index.html]
[writter.electronthemes-ghost.com/themes/amp/index.html]
[writter.electronthemes-ghost.com/content/images/size/w2000/2018/09/blog-img5.jpg]
[writter.electronthemes-ghost.com/memories-last-forever/amp/index.html]
[writter.electronthemes-ghost.com/content/images/2018/09/blog-details-img3.jpg]
[writter.electronthemes-ghost.com/content/images/2018/09/blog-details-img4.jpg]
[writter.electronthemes-ghost.com/content/images/size/w300/2018/09/08-1060x707.jpg]
[writter.electronthemes-ghost.com/memories-last-forever/index.html]
[writter.electronthemes-ghost.com/apps-integrations/index.html]
[writter.electronthemes-ghost.com/ohlen-member-new-passion-4/amp/index.html]
[writter.electronthemes-ghost.com/signup/index.html]
[writter.electronthemes-ghost.com/apps-integrations/amp/index.html]
[writter.electronthemes-ghost.com/content/images/size/w2000/2018/09/h1-port-f-img-12.jpg]
[writter.electronthemes-ghost.com/ohlen-member-new-passion-3/amp/index.html]
[writter.electronthemes-ghost.com/content/images/2019/03/6.jpg]
[writter.electronthemes-ghost.com/content/images/2019/03/7.jpg]
[writter.electronthemes-ghost.com/content/images/2019/03/8.jpg]
[writter.electronthemes-ghost.com/content/images/2019/03/9.jpg]
[writter.electronthemes-ghost.com/content/images/2019/03/slide-1.jpg]
[writter.electronthemes-ghost.com/content/images/size/w300/2018/09/small-lists-port13-img-1.jpg]
[writter.electronthemes-ghost.com/ohlen-member-new-passion-3/index.html]
[writter.electronthemes-ghost.com/content/images/size/w2000/2018/09/h3-port-4-img-1.jpg]
[writter.electronthemes-ghost.com/workplaces/amp/index.html]
[writter.electronthemes-ghost.com/content/images/size/w300/2018/09/small-lists-port12-img-1.jpg]
[writter.electronthemes-ghost.com/workplaces/index.html]
[writter.electronthemes-ghost.com/how-to-write-kickass-articles/amp/index.html]
[writter.electronthemes-ghost.com/content/images/size/w2000/2018/09/06-1060x707.jpg]
[writter.electronthemes-ghost.com/cozy-saturday-afternoon-ritual/amp/index.html]
[writter.electronthemes-ghost.com/content/images/size/w300/2018/09/photo-1423798402048-1eb649bf30db-1482x635.jpg]
[writter.electronthemes-ghost.com/cozy-saturday-afternoon-ritual/index.html]
[writter.electronthemes-ghost.com/beautiful-day-with-friends-in-paris/amp/index.html]
[writter.electronthemes-ghost.com/content/images/size/w2000/2018/09/photo-1526749837599-b4eba9fd855e.jpg]
[writter.electronthemes-ghost.com/nature-valley-with-cooling-environment/index.html]
[writter.electronthemes-ghost.com/tag/getting-started/page/2/index.html]
[writter.electronthemes-ghost.com/nature-valley-with-cooling-environment/amp/index.html]
[cdn.ampproject.org/v0/amp-anim-0.1.js]
[writter.electronthemes-ghost.com/the-editor-2/amp/index.html]
[writter.electronthemes-ghost.com/publishing-options-2/amp/index.html]
[writter.electronthemes-ghost.com/tag/getting-started/page/3/index.html]
[writter.electronthemes-ghost.com/content/images/2018/09/steven-erixon-747285-unsplash.jpg]
[writter.electronthemes-ghost.com/publishing-options-2/index.html]
[writter.electronthemes-ghost.com/apps-integrations-2/amp/index.html]
[writter.electronthemes-ghost.com/themes-2/index.html]
[writter.electronthemes-ghost.com/organising-content-2/index.html]
[writter.electronthemes-ghost.com/welcome/amp/index.html]
[writter.electronthemes-ghost.com/author/ghost/page/2/index.html]
[writter.electronthemes-ghost.com/design/amp/index.html]
[writter.electronthemes-ghost.com/admin-settings-2/index.html]
[writter.electronthemes-ghost.com/organising-content-2/amp/index.html]
[writter.electronthemes-ghost.com/themes-2/amp/index.html]
[cdn.ampproject.org/v0/amp-youtube-0.1.js]
[writter.electronthemes-ghost.com/write/amp/index.html]
[writter.electronthemes-ghost.com/portal/amp/index.html]
[writter.electronthemes-ghost.com/sell/amp/index.html]
[writter.electronthemes-ghost.com/page/4/index.html]
[writter.electronthemes-ghost.com/organising-content/index.html]
[writter.electronthemes-ghost.com/grow/amp/index.html]
[writter.electronthemes-ghost.com/integrations/amp/index.html]
[writter.electronthemes-ghost.com/the-editor/amp/index.html]
[writter.electronthemes-ghost.com/author/enamul/page/2/index.html]
[writter.electronthemes-ghost.com/publishing-options/amp/index.html]
[writter.electronthemes-ghost.com/admin-settings/amp/index.html]
[writter.electronthemes-ghost.com/tag/portfolio/page/2/index.html]
[writter.electronthemes-ghost.com/page/5/index.html]
[writter.electronthemes-ghost.com/organising-content/amp/index.html]
[writter.electronthemes-ghost.com/author/enamul/page/3/index.html]
[writter.electronthemes-ghost.com/inovative-team-projects-and-agency-news/amp/index.html]
[writter.electronthemes-ghost.com/content/images/size/w2000/2018/09/Screenshot-at-Sep-19-01-09-16.png]
[writter.electronthemes-ghost.com/inovative-team-projects-and-agency-news/index.html]
[writter.electronthemes-ghost.com/content/images/size/w2000/2018/09/small-lists-port12-img-1.jpg]
[writter.electronthemes-ghost.com/news-in-agency/amp/index.html]
[writter.electronthemes-ghost.com/content/images/size/w300/2018/09/Screenshot-at-Sep-19-01-09-16.png]
[writter.electronthemes-ghost.com/news-in-agency/index.html]
[writter.electronthemes-ghost.com/tag/creative/page/2/index.html]
[writter.electronthemes-ghost.com/projects-and-news/amp/index.html]
[writter.electronthemes-ghost.com/content/images/size/w2000/2018/09/small-lists-port13-img-1.jpg]
[writter.electronthemes-ghost.com/content/images/size/w300/2018/09/text-barrio-thumb-640x640.jpg]
[writter.electronthemes-ghost.com/projects-and-news/index.html]
[writter.electronthemes-ghost.com/ohlen-member-new-passion-2/amp/index.html]
[writter.electronthemes-ghost.com/content/images/2018/09/text-barrio-thumb-640x640.jpg]
[writter.electronthemes-ghost.com/content/images/size/w300/2018/09/port-featured-img-1.jpg]
[writter.electronthemes-ghost.com/ohlen-member-new-passion-2/index.html]
[writter.electronthemes-ghost.com/content/images/size/w2000/2018/09/port-featured-img-1.jpg]
[writter.electronthemes-ghost.com/ohlen-member-new-passion/index.html]
[writter.electronthemes-ghost.com/ohlen-member-new-passion/amp/index.html]
[writter.electronthemes-ghost.com/content/images/2018/09/side-juice-thumb-853x853.jpg]
[writter.electronthemes-ghost.com/the-wire/index.html]
[writter.electronthemes-ghost.com/the-wire/amp/index.html]
[writter.electronthemes-ghost.com/author/king/page/2/index.html]
[writter.electronthemes-ghost.com/author/king/page/3/index.html]
[writter.electronthemes-ghost.com/content/images/size/w2000/2018/09/photo-1423798402048-1eb649bf30db-1482x635.jpg]
[writter.electronthemes-ghost.com/best-tips-for-a-successful-magazine/index.html]
[writter.electronthemes-ghost.com/best-tips-for-a-successful-magazine/amp/index.html]
[writter.electronthemes-ghost.com/content/images/2018/09/photo-1491227289289-742c2e7289a7-1.jpg]
[writter.electronthemes-ghost.com/elegant-simple-minimalist-blog-made-with-love/amp/index.html]
[writter.electronthemes-ghost.com/content/images/2018/09/text-selv-thumb-1920x1280.jpg]
[writter.electronthemes-ghost.com/selvsikker/amp/index.html]
[writter.electronthemes-ghost.com/content/images/2018/09/blog-img5.jpg]
[writter.electronthemes-ghost.com/memories-last-forever/amp/index.html]
[writter.electronthemes-ghost.com/apps-integrations/amp/index.html]
[writter.electronthemes-ghost.com/content/images/2018/09/h1-port-f-img-12.jpg]
[writter.electronthemes-ghost.com/ohlen-member-new-passion-3/amp/index.html]
[writter.electronthemes-ghost.com/content/images/2018/09/h3-port-4-img-1.jpg]
[writter.electronthemes-ghost.com/workplaces/amp/index.html]
[writter.electronthemes-ghost.com/content/images/2018/09/06-1060x707.jpg]
[writter.electronthemes-ghost.com/cozy-saturday-afternoon-ritual/amp/index.html]
[writter.electronthemes-ghost.com/content/images/2018/09/photo-1526749837599-b4eba9fd855e.jpg]
[writter.electronthemes-ghost.com/nature-valley-with-cooling-environment/amp/index.html]
[writter.electronthemes-ghost.com/tag/getting-started/page/3/index.html]
[writter.electronthemes-ghost.com/publishing-options-2/amp/index.html]
[writter.electronthemes-ghost.com/admin-settings-2/index.html]
[writter.electronthemes-ghost.com/themes-2/amp/index.html]
[writter.electronthemes-ghost.com/organising-content-2/amp/index.html]
[writter.electronthemes-ghost.com/tag/getting-started/page/4/index.html]
[writter.electronthemes-ghost.com/admin-settings-2/amp/index.html]
[writter.electronthemes-ghost.com/page/5/index.html]
[writter.electronthemes-ghost.com/organising-content/amp/index.html]
[writter.electronthemes-ghost.com/author/enamul/page/3/index.html]
[writter.electronthemes-ghost.com/page/6/index.html]
[writter.electronthemes-ghost.com/content/images/2018/09/Screenshot-at-Sep-19-01-09-16.png]
[writter.electronthemes-ghost.com/inovative-team-projects-and-agency-news/amp/index.html]
[writter.electronthemes-ghost.com/content/images/2018/09/small-lists-port12-img-1.jpg]
[writter.electronthemes-ghost.com/news-in-agency/amp/index.html]
[writter.electronthemes-ghost.com/content/images/2018/09/small-lists-port13-img-1.jpg]
[writter.electronthemes-ghost.com/projects-and-news/amp/index.html]
[writter.electronthemes-ghost.com/ohlen-member-new-passion-2/amp/index.html]
[writter.electronthemes-ghost.com/content/images/2018/09/port-featured-img-1.jpg]
[writter.electronthemes-ghost.com/ohlen-member-new-passion/amp/index.html]
[writter.electronthemes-ghost.com/the-wire/amp/index.html]
[writter.electronthemes-ghost.com/author/king/page/3/index.html]
[writter.electronthemes-ghost.com/author/king/page/4/index.html]
[writter.electronthemes-ghost.com/content/images/2018/09/photo-1423798402048-1eb649bf30db-1482x635.jpg]
[writter.electronthemes-ghost.com/best-tips-for-a-successful-magazine/amp/index.html]
[writter.electronthemes-ghost.com/tag/getting-started/page/4/index.html]
[writter.electronthemes-ghost.com/admin-settings-2/amp/index.html]
[writter.electronthemes-ghost.com/page/7/index.html]
[writter.electronthemes-ghost.com/content/images/size/w600/2018/09/photo-1491227289289-742c2e7289a7-1.jpg]
[writter.electronthemes-ghost.com/content/images/size/w600/2018/09/photo-1526749837599-b4eba9fd855e.jpg]
[writter.electronthemes-ghost.com/page/6/index.html]
[writter.electronthemes-ghost.com/content/images/size/w600/2018/09/3.jpg]
[writter.electronthemes-ghost.com/author/king/page/4/index.html]
[writter.electronthemes-ghost.com/page/7/index.html]
[writter.electronthemes-ghost.com/page/8/index.html]
[writter.electronthemes-ghost.com/page/8/index.html]
